INFO:root:time started: time.struct_time(tm_year=2025, tm_mon=6, tm_mday=24, tm_hour=12, tm_min=22, tm_sec=55, tm_wday=1, tm_yday=175, tm_isdst=1)
INFO:root:Magnitudes tested: [19 20 21 22 23]
INFO:root:Amplitudes corresponds to above magnitudes: [4.72695720e-06 1.88183556e-06 7.49172229e-07 2.98250836e-07
 1.18735797e-07]
INFO:root:Pulse frequency: 19
INFO:root:Start analysis of run: 20231207
INFO:root:---------------------------------------
INFO:root:   * amplitude of injected signal: 4.726957199751552e-06 V
INFO:root:   * window size: 0.1 Hz
INFO:root:   * gumball_p_array: [np.float64(0.0), np.float64(0.0), np.float64(0.0), np.float64(0.0)]
INFO:root:   * total significance: inf $\sigma$
INFO:root:   * amplitude of injected signal: 1.881835556120575e-06 V
INFO:root:   * window size: 0.1 Hz
INFO:root:   * gumball_p_array: [np.float64(0.0), np.float64(0.0), np.float64(0.0), np.float64(0.0)]
INFO:root:   * total significance: inf $\sigma$
INFO:root:   * amplitude of injected signal: 7.491722286941286e-07 V
INFO:root:   * window size: 0.1 Hz
INFO:root:   * gumball_p_array: [np.float64(5.259399818424715e-05), np.float64(4.1171870357459284e-08), np.float64(7.42365058314931e-11), np.float64(7.080296349215587e-10)]
INFO:root:   * total significance: inf $\sigma$
INFO:root:   * amplitude of injected signal: 2.9825083622267684e-07 V
INFO:root:   * window size: 0.1 Hz
INFO:root:   * gumball_p_array: [np.float64(0.9550855699098847), np.float64(0.2093901643345667), np.float64(0.6113614528331421), np.float64(0.5883005443345405)]
INFO:root:   * total significance: -0.6097975299168692 $\sigma$
INFO:root:   * amplitude of injected signal: 1.1873579652382429e-07 V
INFO:root:   * window size: 0.1 Hz
INFO:root:   * gumball_p_array: [np.float64(0.9543186827175143), np.float64(0.20965086606387628), np.float64(0.9993467192520753), np.float64(0.9938255201634617)]
INFO:root:   * total significance: -1.3982270271022963 $\sigma$
INFO:root:Start analysis of run: 20231019
INFO:root:---------------------------------------
INFO:root:   * amplitude of injected signal: 4.726957199751552e-06 V
INFO:root:   * window size: 0.03 Hz
INFO:root:   * gumball_p_array: [np.float64(0.0), np.float64(0.0), np.float64(0.0), np.float64(0.0)]
INFO:root:   * total significance: inf $\sigma$
INFO:root:   * amplitude of injected signal: 1.881835556120575e-06 V
INFO:root:   * window size: 0.03 Hz
INFO:root:   * gumball_p_array: [np.float64(1.447508779506279e-12), np.float64(1.1102230246251565e-16), np.float64(7.093214904330125e-13), np.float64(6.013234354895758e-11)]
INFO:root:   * total significance: inf $\sigma$
INFO:root:   * amplitude of injected signal: 7.491722286941286e-07 V
INFO:root:   * window size: 0.03 Hz
INFO:root:   * gumball_p_array: [np.float64(0.44584008390552643), np.float64(0.13004323394203732), np.float64(0.2863640069076089), np.float64(0.9060875371366414)]
INFO:root:   * total significance: 0.2637215239272586 $\sigma$
INFO:root:   * amplitude of injected signal: 2.9825083622267684e-07 V
INFO:root:   * window size: 0.03 Hz
INFO:root:   * gumball_p_array: [np.float64(0.649452294876873), np.float64(0.8904157865513579), np.float64(0.7660006762632535), np.float64(0.9075054068706989)]
INFO:root:   * total significance: -2.19657670407448 $\sigma$
INFO:root:   * amplitude of injected signal: 1.1873579652382429e-07 V
INFO:root:   * window size: 0.03 Hz
INFO:root:   * gumball_p_array: [np.float64(0.6480738905631054), np.float64(0.8908900495212353), np.float64(0.7656282586408354), np.float64(0.9109369321325398)]
INFO:root:   * total significance: -2.1989840485809746 $\sigma$
INFO:root:time finished: time.struct_time(tm_year=2025, tm_mon=6, tm_mday=24, tm_hour=12, tm_min=35, tm_sec=2, tm_wday=1, tm_yday=175, tm_isdst=1)
INFO:root:time started: time.struct_time(tm_year=2025, tm_mon=6, tm_mday=24, tm_hour=14, tm_min=58, tm_sec=56, tm_wday=1, tm_yday=175, tm_isdst=1)
INFO:root:Magnitudes tested: [19 20 21 22 23]
INFO:root:Amplitudes corresponds to above magnitudes: [4.72695720e-06 1.88183556e-06 7.49172229e-07 2.98250836e-07
 1.18735797e-07]
INFO:root:Pulse frequency: 19
INFO:root:Start analysis of run: 20231207
INFO:root:---------------------------------------
INFO:root:   * amplitude of injected signal: 4.726957199751552e-06 V
INFO:root:   * window size: 0.1 Hz
INFO:root:   * gumball_p_array: [np.float64(0.0), np.float64(0.0), np.float64(0.0), np.float64(0.0)]
INFO:root:   * total significance: inf $\sigma$
INFO:root:   * amplitude of injected signal: 1.881835556120575e-06 V
INFO:root:   * window size: 0.1 Hz
INFO:root:   * gumball_p_array: [np.float64(0.0), np.float64(0.0), np.float64(0.0), np.float64(0.0)]
INFO:root:   * total significance: inf $\sigma$
INFO:root:   * amplitude of injected signal: 7.491722286941286e-07 V
INFO:root:   * window size: 0.1 Hz
INFO:root:   * gumball_p_array: [np.float64(5.2415098705127505e-05), np.float64(3.67879765539314e-08), np.float64(6.58142429443842e-11), np.float64(8.21258061556307e-10)]
INFO:root:   * total significance: inf $\sigma$
INFO:root:   * amplitude of injected signal: 2.9825083622267684e-07 V
INFO:root:   * window size: 0.1 Hz
INFO:root:   * gumball_p_array: [np.float64(0.9571276076294282), np.float64(0.2079696180486893), np.float64(0.5898763661928236), np.float64(0.5899288772814235)]
INFO:root:   * total significance: -0.5850521656635552 $\sigma$
INFO:root:   * amplitude of injected signal: 1.1873579652382429e-07 V
INFO:root:   * window size: 0.1 Hz
INFO:root:   * gumball_p_array: [np.float64(0.9578626757101704), np.float64(0.21084552807673818), np.float64(0.9987976799492573), np.float64(0.9919487469408119)]
INFO:root:   * total significance: -1.4047066269387478 $\sigma$
INFO:root:Start analysis of run: 20231019
INFO:root:---------------------------------------
INFO:root:   * amplitude of injected signal: 4.726957199751552e-06 V
INFO:root:   * window size: 0.03 Hz
INFO:root:   * gumball_p_array: [np.float64(0.0), np.float64(0.0), np.float64(0.0), np.float64(0.0)]
INFO:root:   * total significance: inf $\sigma$
INFO:root:   * amplitude of injected signal: 1.881835556120575e-06 V
INFO:root:   * window size: 0.03 Hz
INFO:root:   * gumball_p_array: [np.float64(1.3485879080121776e-12), np.float64(1.1102230246251565e-16), np.float64(6.925571227611726e-13), np.float64(5.75542946634755e-11)]
INFO:root:   * total significance: inf $\sigma$
INFO:root:   * amplitude of injected signal: 7.491722286941286e-07 V
INFO:root:   * window size: 0.03 Hz
INFO:root:   * gumball_p_array: [np.float64(0.44183767439509514), np.float64(0.12851689482417106), np.float64(0.27888995399168326), np.float64(0.9045913905753116)]
INFO:root:   * total significance: 0.2871634110585447 $\sigma$
INFO:root:   * amplitude of injected signal: 2.9825083622267684e-07 V
INFO:root:   * window size: 0.03 Hz
INFO:root:   * gumball_p_array: [np.float64(0.6430281862240343), np.float64(0.8861959794533191), np.float64(0.7228922823998273), np.float64(0.9099615285857072)]
INFO:root:   * total significance: -2.1001243608041746 $\sigma$
INFO:root:   * amplitude of injected signal: 1.1873579652382429e-07 V
INFO:root:   * window size: 0.03 Hz
INFO:root:   * gumball_p_array: [np.float64(0.6405975570724187), np.float64(0.8876981957526473), np.float64(0.7291334355394363), np.float64(0.9118608205502242)]
INFO:root:   * total significance: -2.1116899353067304 $\sigma$
INFO:root:Start analysis of run: 20231020
INFO:root:---------------------------------------
INFO:root:   * amplitude of injected signal: 4.726957199751552e-06 V
INFO:root:   * window size: 0.03 Hz
INFO:root:   * gumball_p_array: [np.float64(0.0), np.float64(0.0), np.float64(0.0), np.float64(0.0)]
INFO:root:   * total significance: inf $\sigma$
INFO:root:   * amplitude of injected signal: 1.881835556120575e-06 V
INFO:root:   * window size: 0.03 Hz
INFO:root:   * gumball_p_array: [np.float64(7.771561172376096e-16), np.float64(0.0), np.float64(4.218847493575595e-15), np.float64(5.218048215738236e-15)]
INFO:root:   * total significance: inf $\sigma$
INFO:root:   * amplitude of injected signal: 7.491722286941286e-07 V
INFO:root:   * window size: 0.03 Hz
INFO:root:   * gumball_p_array: [np.float64(0.14404822842865705), np.float64(0.01679598843170127), np.float64(0.2983307019609528), np.float64(0.17475281441154678)]
INFO:root:   * total significance: 2.022615741061293 $\sigma$
INFO:root:   * amplitude of injected signal: 2.9825083622267684e-07 V
INFO:root:   * window size: 0.03 Hz
INFO:root:   * gumball_p_array: [np.float64(0.4340278330951507), np.float64(0.903927882762606), np.float64(0.2905334559599744), np.float64(0.312827222924279)]
INFO:root:   * total significance: -0.1837233352197284 $\sigma$
INFO:root:   * amplitude of injected signal: 1.1873579652382429e-07 V
INFO:root:   * window size: 0.03 Hz
INFO:root:   * gumball_p_array: [np.float64(0.43480542773163433), np.float64(0.9093338952150103), np.float64(0.29448223121388717), np.float64(0.3157270666028519)]
INFO:root:   * total significance: -0.2008865388457811 $\sigma$
INFO:root:Start analysis of run: 20231203
INFO:root:---------------------------------------
